$title=痛快ガンガン行進曲
$pre=fc
$stop=03
$start
02 NEO-GEO Logo
27 We are "THE ADK!" (ADKロゴ)
3d 悪の教典 第2 (オープニング)
3a 行進曲 第2 (How to play)
13 What is your choice? (Player select)
35 Make one's appearance! (条ジングル)
12 Levy Fight! (条デモ)
14 魂 (条メイン)
15 MAN OF SPIRIT (条ピンチ)
3b 行進曲 第1 (Clear)
10 Win? or Lose... (勝ち負けデモ)
33 長江の詩 (リージングル)
32 リー登場 (リーデモ)
3e 危険を売る男 (リーメイン)
34 交響曲 第1 (リーピンチ)
22 THE SEVERE MAN (シンジングル)
0d Be seized with fear (シンデモ)
0b Winners (シンメイン)
21 Your life is in danger (シンピンチ)
05 波瀾万丈 (キサラジングル)
06 I'm chocked with a thousand emotions (キサラデモ)
04 開眼 (キサラメイン)
08 As long as one lives -命ある限り- (キサラピンチ)
37 フウマの里の詩 (フウマジングル)
36 フウマ登場 (フウマデモ)
43 風魔の掟 (フウマメイン)
2e 風魔の掟 2 (フウマピンチ)
18 Hold Up! (ボビージングル)
1a Free Dancing (ボビーデモ)
19 Take it easy (ボビーメイン)
1b Now what do I do? (ボビーピンチ)
23 黒豹の詩 (レオンハルトジングル)
39 レオンハルト登場 (レオンハルトデモ)
2b Epitaph in Desert storm (レオンハルトメイン)
2c Epitaph in Desert storm 2 (レオンハルトピンチ)
38 おら! (剛ジングル)
0c よっしゃ来い!! (剛デモ)
0a 愛と騒音の夜 (剛メイン)
20 燃えろバカおとこ (剛ピンチ)
17 A PREPOSTEROUS ART 1 (条、レオンハルト ガンガン必殺)
25 A PREPOSTEROUS ART 2 (リー、シン、フウマ ガンガン必殺)
26 A PREPOSTEROUS ART 3 (キサラ、ボビー、剛 ガンガン必殺)
40 Long night in summer (条エンディング)
2f Hurricane (リーエンディング)
0e CHANCE! (シンエンディング)
42 Endless Dream (キサラエンディング)
09 STRANGER (フウマエンディング)
1d Dance Tonight (ボビーエンディング)
41 Lost your heart (レオンハルトエンディング)
0f Dear Friend (剛エンディング)
07 Eternal intoxication (コンティニュー)
11 My fight is done (ゲームオーバー)
24 行進曲 第3 (ランキング)
31 Long night in summer (条エンディング)
16 Hurricane (リーエンディング)
44 CHANCE! (シンエンディング)
30 Endless Dream (キサラエンディング)
3f STRANGER (フウマエンディング)
1c Dance Tonight (ボビーエンディング)
3c Lost your heart (レオンハルトエンディング)
1e 未使用曲1
1f 未使用曲2
50 未使用曲3
$end
