$title=餓狼 マーク・オブ・ザ・ウルヴス
$pre=07
$stop=03
$start
02 NEO-GEO Logo
21 Sympathy For The Wolves (TITLE -ROCK-)
5d Wolf's Bane (TITLE -GEESE-)
3f どないするん？ (How To Play)
2f 自分好み (オプション)
22 Choose me! (キャラクターセレクト)
31 Spread The Wings (ロック・ハワード ステージ)
30 Sunrise On The Train (テリー・ボガード ステージ)
24 闇の閃光 (デモ1 グラント登場)
32 Loose genius (キム・ドンファン ステージ)
33 Too Honest (キム・ジェイフン ステージ)
23 Victory message (勝利デモ)
34 Fullmoon - Heartfull (双葉ほたる ステージ)
35 Fullmoon - A Groan (牙刀 ステージ)
36 Bad Girl? (B・ジェニー ステージ)
37 From Brazil (マルコ・ロドリゲス ステージ)
60 よっしゃっ！ (KO／ノーマル)
38 Ninja? or Monkey? (北斗丸 ステージ)
39 All Over With Blood (フリーマン ステージ)
61 もらったっ！ (KO／必殺)
3a 無敵のマスク (グリフォンマスク ステージ)
3b Wilderness policeman (ケビン・ライアン ステージ)
2d きったーっ！ (KO／超必殺・潜在)
25 闇の閃光・現 (デモ2 グラント ステージ前)
3c Destruction Maniac (グラント ステージ)
26 闇の閃光・滅 (デモ3 グラント倒れる)
27 奇傑の威光・現 (デモ4 カイン登場)
3d Dignity Palace (カイン・R・ハインライン ステージ)
28 奇傑の威光・滅 (カイン邸崩壊)
29 奇傑の威光・滅～旅立ち (カイン邸崩壊～エンディング ロック専用)
2c Do you do? (コンティニュー)
2a 長閑 (エンディングA)
2b 哀愁 (エンディングB)
5c 切迫 (エンディングC)
4e 闇の閃光・虚 (Fake Ending Demo)
4f Your Pleasure (Fake Ending スタッフロール)
3e Sunset Sky Again (スタッフロール)
4c Game Over (コンティニュー後)
4d Game Over (スタッフロール後)
62 KO／最終ステージVersion
$end
