$title=ザ・キング・オブ・ファイターズ2000
$pre=07
$stop=03
$start
02 NEO-GEO Logo
21 00 (タイトル)
7f COIN (コイン音)
38 BE･TA Force (操作説明～セレクト)
39 BE･TA Force 2 (セレクト)
22 KD-0084 (主人公チーム)
3a LV-4 (勝利デモ -Team Play-)
2e INNER SHADE (紅丸チーム)
23 TERRY115 (餓狼伝説チーム)
24 Beauty & The Beast (龍虎の拳チーム)
25 The Trooper (怒チーム)
31 CAT TAIL (中間デモ)
26 Will (サイコソルジャーチーム)
27 Come up Smilling (女性格闘家チーム)
28 WILD PARTY (韓国チーム)
3c LV-1 (勝利デモ -Single Play-)
2c Good Bye ESAKA (草薙 京)
2d Stormy Scream (八神 庵 -嵐のサキソフォン4-)
33 BE FREEZE (中ボス乱入デモ)
29 Ice Place (中ボス -クーラ-)
32 DEVIL (ラスボス登場デモ)
2a SLASHER ZERO (ラスボス -ゼロ-)
35 DREAM EATER (ラスボス消滅デモ)
40 CRYSTAL -TYPE 1- (Ending～Staff Roll -主人公チーム-)
41 CRYSTAL -TYPE 2- (Ending～Staff Roll -紅丸チーム-)
42 CRYSTAL -TYPE 3- (Ending～Staff Roll -餓狼伝説チーム-)
43 CRYSTAL -TYPE 4- (Ending～Staff Roll -龍虎の拳チーム-)
44 CRYSTAL -TYPE 5- (Ending～Staff Roll -怒チーム-)
46 CRYSTAL -TYPE 6- (Ending～Staff Roll -女性格闘家チーム-)
47 CRYSTAL -TYPE 7- (Ending～Staff Roll -韓国チーム-)
48 CRYSTAL -TYPE 8- (Ending～Staff Roll -京＆庵チーム-)
49 CRYSTAL -TYPE 9- (Ending～Staff Roll -クーラチーム-)
45 CRYSTAL -TYPE A- (Ending～Staff Roll -サイコソルジャーチーム-)
4a CRYSTAL -TYPE A- (Ending～Staff Roll -エディットチーム-)
3b SUKUWARELU (コンティニュー)
2b CRYSTAL -TYPE B- (Staff Roll -Endless Version-)
$end
