$title=ザ・キング・オブ・ファイターズ'97
$pre=07
$stop=03
$start
02 NEO-GEO Logo
21 4th Fire (タイトル)
3a 4th Fire β (MVSタイトル)
23 ORDER (プレイヤーセレクト)
25 SATELLA VIEW (試合前デモ)
40 ESAKA FOREVER (草薙 京)
22 WINNER (勝利デモ)
45 クリといつまでも (テリー・ボガード)
30 JAPAN (日本ステージ)
44 Bloody (NEW FACEチーム)
47 BLUE MARY'S BLUES (ブルー・マリー)
31 BARI (バリステージ)
43 サイコソルジャーREMIX'97 (麻宮 アテナ)
2d S.N.N.W (中間デモ)
35 AMERICA (アメリカステージ)
42 Still Green (矢吹 真吾)
46 C62 -シロクニ- (山崎 竜二)
32 CHINA (中国ステージ)
48 ロンドンマーチ (ビリー・カーン)
24 H.C.C (乱入プレイヤーセレクト)
33 KOREA (韓国ステージ)
41 COOL JAM ～嵐のサキソフォン3～ (八神 庵)
34 MONACO (モナコステージ)
2e YOU'RE THE KING OF FIGHTERS (優勝セレモニー)
26 記憶 (デモ1-1)
2f 狂覚 (デモ2-2)
49 CONTROL CRISIS (？ステージ -八神庵、レオナ暴走-)
51 総テハ目覚メノ為ニ -Short Version- (デモ2)
27 総テハ目覚メノ為ニ (デモ2)
4a Rhythmic Hallucination (？？ステージ -オロチチーム-)
28 開眼 (デモ3)
4b The Origin of Mind (？？？ステージ -オロチ-)
50 無 (デモ4)
29 Episode I (エンディング1)
2a Episode II (エンディング2)
2b Episode III (エンディング3)
37 Episode X (エンディング4-1)
38 Crime and Punishment (エンディング4-2)
39 Last Fire (エンディング4-3)
36 ふたり (????ステージ -草薙 京 vs 八神 庵-)
4c MIRTHLESS (スタッフロール)
2c COUNT DOWN (コンティニュー)
20 (各ステージ等の歓声を止める時に選択してください)
$end
