$title=ザ・キング・オブ・ファイターズ'98
$pre=07
$stop=03
$start
02 NEO-GEO Logo
21 CIPHER (タイトル)
22 CIPHER β (MVSタイトル)
28 OK? (操作説明)
23 The King Of Fighters (プレイヤーセレクト)
30 ESAKA? (主人公チーム)
24 W (勝利デモ)
31 クリキントン ～ごまめギターVer～ (餓狼伝説チーム)
51 JAPAN (日本ステージ入り込み SE)
32 Art of Fight (龍虎の拳チーム)
33 Rumbling on the City (怒チーム)
34 震！戦慄のドラ (サイコソルジャーチーム)
35 Fairy (女性格闘家チーム)
2c チョイボンゲ音頭 (チョイ・ボンゲ登場)
53 KOREA (韓国ステージ入り込み SE)
36 SoulTown (キムチーム)
37 Bloody (オロチチーム)
39 IN SPITE OF ONE'S AGE (おやじチーム)
52 SPAIN (スペインステージ入り込み SE)
3c C62 (山崎 竜二)
3d Blue Mary's BLUES (ブルー・マリー)
3e LONDON MARCH (ビリー・カーン)
25 INTRUSION (乱入プレイヤーセレクト)
38 嵐のサキソフォン2 (八神チーム)
54 USA (アメリカステージ入り込み SE)
3a SLUM No.5 (アメリカンスポーツチーム)
40 Still Green (矢吹 真吾)
41 The ЯR (ルガール・バーンシュタイン)
47 ESAKA FOREVER (草薙 京 VS 八神 庵)
48 COOL JAM (八神 庵 VS 草薙 京)
43 Rhythmic Hallucination (乾いた大地の社)
44 FANATIC WALTZ (荒れ狂う稲光のシェルミー)
45 MAD FANTASY (炎のさだめのクリス)
46 ね！ ('94女性格闘家チーム)
42 ESAKA (草薙 京)
3f 嵐のサキソフォン (八神 庵)
26 REVIVE (コンティニュー)
2b GET ADVANTAGE (コンティニューサービス)
4a X (ボス前オーダーセレクト)
2f … (ボス登場デモ1)
29 XX (ボス登場デモ2)
55 BLACKNOAH (ボスステージ入り込み SE)
3b XXX (ボスステージ)
2d LAST DANCE (ボス消滅デモ1)
2e TIME (ボス消滅デモ2)
2a ZERO (スタッフロール)
$end
