$title=ザ・キング・オブ・ファイターズ'99
$pre=07
$stop=03
$start
02 NEO-GEO Logo
45 Burning D.N.A. (タイトル)
46 Burning D.N.A.β (MVS タイトル)
38 Standby (How To Play～Player Select)
39 Standby -no intro- (Player Select)
22 KD-0079 (主人公チームテーマ)
3a The Survivor (勝利デモ)
23 176th Street (餓狼伝説チームテーマ)
24 RYU-KO (龍虎の拳チームテーマ)
25 W.W.III (怒チームテーマ)
30 Dangerous Toys (中間デモ)
26 Psyco Sonic Trip ～Dance At The Paddy Field～ (サイコソルジャーチームテーマ)
27 SHA･LA･LA (女性格闘家チームテーマ)
28 The way to rebirth (キム(韓国)チームテーマ)
2e ESAKA? -Acid Mix- (草薙 京1,2テーマ)
2c Tears (？テーマ -草薙 京-)
2d Sadistic Eyes (？？テーマ -八神 庵-)
31 Final Battle? (中ボス登場デモ)
29 Mechanical Bless (中ボスステージ)
32 Hello，Good Bye (ボス登場デモ)
2a Dear Falling Angel (ボステーマ)
33 Escape From The Base-70599 (ボス消滅デモ1)
41 Collapse (ボス消滅デモ2)
42 Meet Again (？？？乱入デモ -草薙 京＆八神 庵-)
3b Melting Point (コンティニュー)
44 Silver lining (エンディング1)
34 Mysterious Drop (エンディング2)
35 Good Afternoon (エンディング3)
36 C.C.Trick (エンディング4)
37 Without Saying Good-Bye (エンディング5)
3c Will You Marry Me? (エンディング6)
2b Cross fire (スタッフロール)
$end
