$title=マジカルドロップ3
$pre=07
$stop=03
$start
39 OPENING (オープニングデモ)
38 はじまるよ ver.2 (タイトル)
21 EXPLANATION vol.2 (操作説明)
22 SELECT (セレクト)
23 ある日の出来事 (ゲーム前演出)
33 いたずらロックンロール ver.2 (デビル)
3d LOVE^2 マーチ (ラバーズ)
36 勇気を出して ver.2 (ジャスティス)
3b ミステリアスなアタシ (エンペラー)
32 スターの休日 ver.2 (スター)
34 英雄伝説 ver.2 (チャリオット)
24 フールの夢 ver.2 (フール)
42 死闘 (デス)
3f 最強への道 (ハーミット)
44 KI・MA・GU・RE (ムーン)
41 SHADOW (ハングドマン)
46 振り向かないで (ジャッジメント)
37 LONELY BATTLE ver.2 (マジシャン)
3e どんな時も (テンペランス)
3c 風の中で (ハイエロファント)
45 サンのお昼寝 (サン)
35 空想旅行 ver.2 (ハイプリエステス)
27 私は最高！ ver.2 (エンプレス)
2a プリティハンター (ストレングス娘)
26 WILD BEAST ver.2 (ストレングス父)
25 女神のささやき ver.2 (ワールド)
28 世界征服 (ブラックピエロ)
29 タワー出現！ (タワー登場BGM)
43 DANGEROUS ZONE (タワー)
4b フォーチュン登場！ (フォーチュン登場BGM)
40 FINAL BATTLE (フォーチュン)
3a ENDING (エンディングデモ)
2f ここはユートピア (スタッフロール)
47 HURRY UP! (スゴロク)
48 すすめ！ (スゴロクマップ)
4a FIGHT! (スゴロクBOSS)
4e STEP.1 (スゴロク演出1)
49 STEP.2 (スゴロク演出2)
4f STEP.3 (スゴロク演出3)
50 STEP.4 (スゴロク演出4)
30 CHALLENGER ver.2 (対戦モード)
31 ENDLESS WORKER (ひたすらモード)
2c 勝った！ ver.2 (勝ち)
2d 負けちゃった ver.2 (負け)
2b JUST A MOMENT ver.2 (乱入)
4c CONTINUE (コンティニュー)
4d 今日の運勢 (占いBGM)
2e ゲームオーバー
$end
