$title=ワールドヒーローズ2
$pre=fc
$stop=03
$start
02 NEO-GEO Logo
19 HELL'S GODDESSの囁き (タイトル)
0a プレイヤーセレクト
0c マップ
08 VS
26 白夜のフィヨルド (エリックのテーマ)
27 風舞うや花散るが如く (リョウコのテーマ)
20 TIGER NAIL (シュラのテーマ)
2f 七つの海のナイスガイ (キッドのテーマ)
31 JONNY LET'S DANCE (マキシマムのテーマ)
0f M'MADMEEEEN! (マッドマンのテーマ)
29 先に手が出る足が出る (フウマのテーマ)
21 異寇の女剣士 (ジャンヌのテーマ)
04 MIGHTY STROKE (ドラゴンのテーマ)
14 RUSSIAN SPECULATOR -ロシアの山師- (ラスプーチンのテーマ)
4f ドイツ機甲師団鎮魂歌 #9 (ブロッケンのテーマ)
22 モンゴリアンダイナマイト (J.カーンのテーマ)
11 BLACK OUT #1 (マッスルパワーのテーマ)
18 INTUITION (ハンゾウのテーマ)
16 A WAY OF ESCAPE (デスマッチ・スクラップ)
32 THE LAND OF THE HOLY (デスマッチ・戦場)
28 NOT NEW YORK (デスマッチ・酒場)
1d FORESIGHT SONGS (デスマッチ・リング)
09 ステージクリア
2b ガンガン行くべー (ボーナスステージ)
13 THE INCARNATION OF A DEVIL (ネオ ギガスのテーマ)
2a MURDER -D- (DIOのテーマ)
2e DADDY'S WONDER STORIES (エリック エンディング)
35 表に出ようよ (リョウコ エンディング)
05 美しき兄弟愛～SHURACHAN ONDO DE BURABURA (シュラ エンディング) 1
34 美しき兄弟愛～SHURACHAN ONDO DE BURABURA (シュラ エンディング) 2
06 'ANA' -THE- WORLD (キッド エンディング) 1
0b 'ANA' -THE- WORLD (キッド エンディング) 2
12 戻れない時を抱いて (マキシマム エンディング) 1
1f 戻れない時を抱いて (マキシマム エンディング) 2
49 RUDDY DREAMING (マッドマン エンディング)
47 SHAKE THE COKE (フウマ エンディング)
43 LADY ON THE SHINING HEIGHTS (ジャンヌ エンディング)
2c TURN RIGHT THE KNOB! (ドラゴン エンディング)
45 OH! VANITY MOON (ラスプーチン エンディング)
51 BROCKEN, UPSIDE-DOWN (ブロッケン エンディング) 1
1e BROCKEN, UPSIDE-DOWN (ブロッケン エンディング) 2
33 星は南中 (J.カーン エンディング)
30 もう一発 NO.1 (マッスルパワー エンディング)
2d 必○でござる (ハンゾウ エンディング)
1a SYMPHONY OF EVIL -邪悪の交響曲- (スタッフロール)
07 ゲームオーバー
3a 風舞うや花散るが如く (リョウコのテーマ)
3c NOT NEW YORK (デスマッチモード・酒場)
3e 先に手が出る足が出る (フウマのテーマ)
40 MURDER -D- (DIOのテーマ)
4c もう一発 NO.1 (マッスルパワー エンディング)
0d (unknown)
0e (unknown)
1c (unknown)
38 (unknown)
4a (unknown)
4d (unknown)
$end
