$title=ワールドヒーローズ パーフェクト
$pre=fc
$stop=03
$start
02 NEO-GEO Logo
19 ADK Logo
3a WHEN I FIRED THE FIRST GUN! (オープニング)
11 HOW TO WIN (操作方法)
1a SELECT HEROES (プレイヤーセレクト)
1b VS
21 地獄の炎刃 (地球創世記)
1c 勝利者デモ
16 I・Z・A (乱入)
24 鳥獣三軍 (ジュラ紀)
20 聖なる氷塊 (氷河期)
32 マンモスでゴー (石器時代)
09 SIRIUS RIZING (巨石文明)
07 TED (中世暗黒時代)
0e HALO IN ASIA (元禄時代)
04 THE FOREIGNER～KITTEN EXPRESS (産業革命)
0c SYMPHONY OF EVIL #2 (世界大戦)
0d BIG CITY (現代)
13 GO TO FRONT (未使用曲)
3b WE MUST TAKE OUR CHANCES! (ゼウス登場デモ)
06 ZEUS 作品8 APPASSIONATO (時空暗黒城)
12 SHIVER WITH FRIGHT (NEO-DIO登場デモ)
25 MURDER -D- ACT2 (最終決戦)
33 ODE TO THE EVENING (服部半蔵 エンディング)
26 おサルでおマヌな赤忍者 (風魔小太郎 エンディング)
37 仕上げの一筆 (金龍 エンディング) 1
38 仕上げの一筆 (金龍 エンディング) 2
36 LET'S SUN OURSELVES (ジャンヌ・ダルク エンディング)
15 世界のおなごたちへ (ジンギスカン エンディング)
35 狂気の世界から逃れろ (マッスルパワー エンディング)
2a がんばれぼくらのブロッケン (ブロッケン エンディング)
22 愛の回転木馬 (ラスプーチン エンディング)
18 兄貴 (シュラ・ナイ・カノム・トム エンディング)
28 パパ大よろこび (エリック・ザ・バイキング エンディング) 1
29 パパ大よろこび (エリック・ザ・バイキング エンディング) 2
39 浮かれ騒ぐ奴 (マッドマン エンディング)
34 普遍の真実を求めて (ジョニー・マキシマム エンディング)
0f LET DROP THE CURTAIN (出雲良子 エンディング) 1
31 LET DROP THE CURTAIN (出雲良子 エンディング) 2
14 YAROW DOMO (キャプテン・キッド エンディング)
23 猟人の夜 (ジャック・ザ・リッパー エンディング)
2b 裏切りの英雄 (呂布奉先 エンディング)
08 頂好 (孫悟空 エンディング)
27 暗黒の野望 (NEO-DIO エンディング)
30 LOVE FOREVER (スタッフロール)
10 まだまだこれから (コンティニュー)
0a GAME OVER
0b RANKING
$end
